../Core/Src/main.c:102:26:ReadAllAdcChannels	6
../Core/Src/main.c:136:14:AdcToVoltage	1
../Core/Src/main.c:142:13:SendSensorLine	4
../Core/Src/main.c:185:5:main	1
../Core/Src/main.c:270:6:SystemClock_Config	4
../Core/Src/main.c:326:13:MX_ADC1_Init	9
../Core/Src/main.c:438:13:MX_RTC_Init	5
../Core/Src/main.c:521:13:MX_USART2_UART_Init	2
../Core/Src/main.c:556:13:MX_GPIO_Init	1
../Core/Src/main.c:605:6:StartTimeBasedTask	11
../Core/Src/main.c:674:6:StartTransmitTask	2
../Core/Src/main.c:710:6:HAL_TIM_PeriodElapsedCallback	2
../Core/Src/main.c:728:6:Error_Handler	1
