../Core/Src/main.c:102:26:ReadAllAdcChannels	48	static
../Core/Src/main.c:136:14:AdcToVoltage	24	static
../Core/Src/main.c:142:13:SendSensorLine	360	static
../Core/Src/main.c:185:5:main	8	static
../Core/Src/main.c:270:6:SystemClock_Config	96	static
../Core/Src/main.c:326:13:MX_ADC1_Init	48	static
../Core/Src/main.c:438:13:MX_RTC_Init	80	static
../Core/Src/main.c:521:13:MX_USART2_UART_Init	8	static
../Core/Src/main.c:556:13:MX_GPIO_Init	48	static
../Core/Src/main.c:605:6:StartTimeBasedTask	72	static
../Core/Src/main.c:674:6:StartTransmitTask	56	static
../Core/Src/main.c:710:6:HAL_TIM_PeriodElapsedCallback	16	static
../Core/Src/main.c:728:6:Error_Handler	4	static,ignoring_inline_asm
